******************************************************************************
                  TI ARM Linker PC v20.2.5                     
******************************************************************************
>> Linked Fri Jul  8 01:09:24 2022

OUTPUT FILE NAME:   <Temp_Sensor.out>
ENTRY POINT SYMBOL: "_c_int00_noargs"  address: 00002bf5


MEMORY CONFIGURATION

         name            origin    length      used     unused   attr    fill
----------------------  --------  ---------  --------  --------  ----  --------
  FLASH                 00000000   00040000  00002fed  0003d013  R  X
  SRAM                  20000000   00008000  00000bb0  00007450  RW X


SEGMENT ALLOCATION MAP

run origin  load origin   length   init length attrs members
----------  ----------- ---------- ----------- ----- -------
00000000    00000000    00002ff0   00002ff0    r-x
  00000000    00000000    0000026c   0000026c    r-- .intvecs
  0000026c    0000026c    00002bf0   00002bf0    r-x .text
  00002e5c    00002e5c    00000101   00000101    r-- .const
  00002f60    00002f60    00000090   00000090    r-- .cinit
20000000    20000000    00000bb0   00000000    rw-
  20000000    20000000    00000400   00000000    rw- .stack
  20000400    20000400    00000400   00000000    rw- .sysmem
  20000800    20000800    000001e8   00000000    rw- .data
  200009e8    200009e8    000001c8   00000000    rw- .bss


SECTION ALLOCATION MAP

 output                                  attributes/
section   page    origin      length       input sections
--------  ----  ----------  ----------   ----------------
.intvecs   0    00000000    0000026c     
                  00000000    0000026c     tm4c123gh6pm_startup_ccs.obj (.intvecs)

.text      0    0000026c    00002bf0     
                  0000026c    00000a4e     rtsv7M4_T_le_v4SPD16_eabi.lib : _printfi.c.obj (.text:__TI_printfi)
                  00000cba    00000002                                   : _lock.c.obj (.text:_nop)
                  00000cbc    00000270                                   : _printfi.c.obj (.text:_pconv_a)
                  00000f2c    000001f4     main.obj (.text)
                  00001120    000001d0     rtsv7M4_T_le_v4SPD16_eabi.lib : _printfi.c.obj (.text:_pconv_g)
                  000012f0    000001b6                                   : fd_add_t2.asm.obj (.text)
                  000014a6    00000002                                   : div0.asm.obj (.text)
                  000014a8    0000013c                                   : _printfi.c.obj (.text:_pconv_e)
                  000015e4    00000136                                   : fd_div_t2.asm.obj (.text)
                  0000171a    00000002     --HOLE-- [fill = 0]
                  0000171c    00000124                                   : _printfi.c.obj (.text:fcvt)
                  00001840    00000114                                   : fputs.c.obj (.text:fputs)
                  00001954    00000110                                   : s_scalbn.c.obj (.text:scalbn)
                  00001a64    00000100                                   : memory.c.obj (.text:aligned_alloc)
                  00001b64    000000fc                                   : fd_mul_t2.asm.obj (.text)
                  00001c60    000000e4                                   : memory.c.obj (.text:free)
                  00001d44    000000dc                                   : setvbuf.c.obj (.text:setvbuf)
                  00001e20    000000b1                                   : _printfi.c.obj (.text:_ltostr)
                  00001ed1    00000001     --HOLE-- [fill = 0]
                  00001ed2    0000009c                                   : memcpy_t2.asm.obj (.text)
                  00001f6e    00000096                                   : ull_div_t2.asm.obj (.text)
                  00002004    0000008c                                   : fputc.c.obj (.text:fputc)
                  00002090    00000086                                   : fd_cmp_t2.asm.obj (.text:__aeabi_cdcmple)
                  00002116    00000086                                   : fd_cmp_t2.asm.obj (.text:__aeabi_cdrcmple)
                  0000219c    0000007a                                   : memset_t2.asm.obj (.text)
                  00002216    00000002     --HOLE-- [fill = 0]
                  00002218    00000074                                   : fclose.c.obj (.text:__TI_closefile)
                  0000228c    00000070                                   : memory.c.obj (.text:split)
                  000022fc    0000006e                                   : _printfi.c.obj (.text:_mcpy)
                  0000236a    00000002     --HOLE-- [fill = 0]
                  0000236c    0000006c                                   : hostrename.c.obj (.text:HOSTrename)
                  000023d8    00000068                                   : hostlseek.c.obj (.text:HOSTlseek)
                  00002440    00000068                                   : copy_decompress_lzss.c.obj (.text:decompress:lzss:__TI_decompress_lzss)
                  000024a8    00000068                                   : printf.c.obj (.text:printf)
                  00002510    00000064                                   : s_frexp.c.obj (.text:frexp)
                  00002574    00000064                                   : fseek.c.obj (.text:fseek)
                  000025d8    00000062                                   : _io_perm.c.obj (.text:__TI_wrt_ok)
                  0000263a    00000002     --HOLE-- [fill = 0]
                  0000263c    00000060                                   : hostopen.c.obj (.text:HOSTopen)
                  0000269c    0000005c                                   : close.c.obj (.text:close)
                  000026f8    00000058                                   : hostread.c.obj (.text:HOSTread)
                  00002750    00000058                                   : hostwrite.c.obj (.text:HOSTwrite)
                  000027a8    00000056                                   : _printfi.c.obj (.text:_pconv_f)
                  000027fe    00000054                                   : _ltoa.c.obj (.text:__TI_ltoa)
                  00002852    00000052                                   : _printfi.c.obj (.text:_ecpy)
                  000028a4    0000004c                                   : fflush.c.obj (.text:__TI_doflush)
                  000028f0    0000004c                                   : atoi.c.obj (.text:atoi)
                  0000293c    00000048                                   : exit.c.obj (.text:exit)
                  00002984    00000048                                   : fd_toi_t2.asm.obj (.text)
                  000029cc    00000044                                   : hostclose.c.obj (.text:HOSTclose)
                  00002a10    00000044                                   : hostunlink.c.obj (.text:HOSTunlink)
                  00002a54    00000044                                   : autoinit.c.obj (.text:__TI_auto_init_nobinit_nopinit:__TI_auto_init_nobinit_nopinit)
                  00002a98    00000044                                   : getdevice.c.obj (.text:getdevice)
                  00002adc    0000003e                                   : _printfi.c.obj (.text:_fcpy)
                  00002b1a    00000002     --HOLE-- [fill = 0]
                  00002b1c    00000038                                   : trgmsg.c.obj (.text:__TI_writemsg)
                  00002b54    00000036                                   : strncpy.c.obj (.text:strncpy)
                  00002b8a    00000002     --HOLE-- [fill = 0]
                  00002b8c    00000034                                   : fopen.c.obj (.text:__TI_cleanup)
                  00002bc0    00000034                                   : trgmsg.c.obj (.text:__TI_readmsg)
                  00002bf4    00000034                                   : boot_cortex_m.c.obj (.text:_c_int00_noargs:_c_int00_noargs)
                  00002c28    00000030                                   : getdevice.c.obj (.text:finddevice)
                  00002c58    0000002e                                   : i_tofd_t2.asm.obj (.text)
                  00002c86    00000002     --HOLE-- [fill = 0]
                  00002c88    0000002c                                   : unlink.c.obj (.text:unlink)
                  00002cb4    00000028                                   : memory.c.obj (.text:free_list_insert)
                  00002cdc    00000028                                   : lseek.c.obj (.text:lseek)
                  00002d04    00000028                                   : write.c.obj (.text:write)
                  00002d2c    00000020                                   : memchr.c.obj (.text:memchr)
                  00002d4c    0000001c                                   : copy_zero_init.c.obj (.text:decompress:ZI:__TI_zero_init_nomemset:__TI_zero_init_nomemset)
                  00002d68    0000001c                                   : memory.c.obj (.text:free_list_remove)
                  00002d84    0000001c                                   : memccpy.c.obj (.text:memccpy)
                  00002da0    0000001a                                   : s_copysign.c.obj (.text:copysign)
                  00002dba    00000018                                   : strcmp.c.obj (.text:strcmp)
                  00002dd2    00000016                                   : strchr.c.obj (.text:strchr)
                  00002de8    00000014                                   : strcpy.c.obj (.text:strcpy)
                  00002dfc    00000014                                   : strlen.c.obj (.text:strlen)
                  00002e10    00000012                                   : wcslen.c.obj (.text:wcslen)
                  00002e22    0000000e                                   : copy_decompress_none.c.obj (.text:decompress:none:__TI_decompress_none)
                  00002e30    0000000c     tm4c123gh6pm_startup_ccs.obj (.text)
                  00002e3c    00000008     rtsv7M4_T_le_v4SPD16_eabi.lib : errno.c.obj (.text:__aeabi_errno_addr)
                  00002e44    00000008                                   : memory.c.obj (.text:malloc)
                  00002e4c    00000004                                   : printf.c.obj (.text:_outc)
                  00002e50    00000004                                   : printf.c.obj (.text:_outs)
                  00002e54    00000004                                   : pre_init.c.obj (.text:_system_pre_init)
                  00002e58    00000004                                   : exit.c.obj (.text:abort:abort)

.const     0    00002e5c    00000101     
                  00002e5c    00000101     rtsv7M4_T_le_v4SPD16_eabi.lib : ctype.c.obj (.const:.string:_ctypes_)

.cinit     0    00002f60    00000090     
                  00002f60    00000069     (.cinit..data.load) [load image, compression = lzss]
                  00002fc9    00000003     --HOLE-- [fill = 0]
                  00002fcc    0000000c     (__TI_handler_table)
                  00002fd8    00000008     (.cinit..bss.load) [load image, compression = zero_init]
                  00002fe0    00000010     (__TI_cinit_table)

.init_array 
*          0    00000000    00000000     UNINITIALIZED

.stack     0    20000000    00000400     UNINITIALIZED
                  20000000    00000004     rtsv7M4_T_le_v4SPD16_eabi.lib : boot_cortex_m.c.obj (.stack)
                  20000004    000003fc     --HOLE--

.sysmem    0    20000400    00000400     UNINITIALIZED
                  20000400    00000010     rtsv7M4_T_le_v4SPD16_eabi.lib : memory.c.obj (.sysmem)
                  20000410    000003f0     --HOLE--

.data      0    20000800    000001e8     UNINITIALIZED
                  20000800    000000f0     rtsv7M4_T_le_v4SPD16_eabi.lib : defs.c.obj (.data:_ftable)
                  200008f0    00000078                                   : host_device.c.obj (.data:_device)
                  20000968    00000050                                   : host_device.c.obj (.data:_stream)
                  200009b8    00000010                                   : defs.c.obj (.data)
                  200009c8    0000000c                                   : exit.c.obj (.data:$O1$$)
                  200009d4    00000008                                   : _lock.c.obj (.data:$O1$$)
                  200009dc    00000008                                   : memory.c.obj (.data:$O1$$)
                  200009e4    00000004                                   : errno.c.obj (.data)

.bss       0    200009e8    000001c8     UNINITIALIZED
                  200009e8    00000120     rtsv7M4_T_le_v4SPD16_eabi.lib : trgmsg.c.obj (.bss:_CIOBUF_)
                  20000b08    000000a0     (.common:__TI_tmpnams)
                  20000ba8    00000008     (.common:parmbuf)

__llvm_prf_cnts 
*          0    20000000    00000000     UNINITIALIZED

MODULE SUMMARY

       Module                         code    ro data   rw data
       ------                         ----    -------   -------
    .\
       tm4c123gh6pm_startup_ccs.obj   12      620       0      
       main.obj                       500     0         0      
    +--+------------------------------+-------+---------+---------+
       Total:                         512     620       0      
                                                               
    C:\ti\ccs1120\ccs\tools\compiler\ti-cgt-arm_20.2.5.LTS\lib\rtsv7M4_T_le_v4SPD16_eabi.lib
       _printfi.c.obj                 4851    0         0      
       memory.c.obj                   672     0         8      
       fd_add_t2.asm.obj              438     0         0      
       defs.c.obj                     0       0         416    
       trgmsg.c.obj                   108     0         288    
       fd_div_t2.asm.obj              310     0         0      
       fputs.c.obj                    276     0         0      
       s_scalbn.c.obj                 272     0         0      
       fd_cmp_t2.asm.obj              268     0         0      
       ctype.c.obj                    0       257       0      
       fd_mul_t2.asm.obj              252     0         0      
       setvbuf.c.obj                  220     0         0      
       host_device.c.obj              0       0         200    
       memcpy_t2.asm.obj              156     0         0      
       ull_div_t2.asm.obj             150     0         0      
       fputc.c.obj                    140     0         0      
       memset_t2.asm.obj              122     0         0      
       fclose.c.obj                   116     0         0      
       getdevice.c.obj                116     0         0      
       printf.c.obj                   112     0         0      
       hostrename.c.obj               108     0         0      
       copy_decompress_lzss.c.obj     104     0         0      
       hostlseek.c.obj                104     0         0      
       hostopen.c.obj                 96      0         8      
       fseek.c.obj                    100     0         0      
       s_frexp.c.obj                  100     0         0      
       _io_perm.c.obj                 98      0         0      
       close.c.obj                    92      0         0      
       exit.c.obj                     76      0         12     
       hostread.c.obj                 88      0         0      
       hostwrite.c.obj                88      0         0      
       _ltoa.c.obj                    84      0         0      
       atoi.c.obj                     76      0         0      
       fflush.c.obj                   76      0         0      
       fd_toi_t2.asm.obj              72      0         0      
       autoinit.c.obj                 68      0         0      
       hostclose.c.obj                68      0         0      
       hostunlink.c.obj               68      0         0      
       strncpy.c.obj                  54      0         0      
       boot_cortex_m.c.obj            52      0         0      
       fopen.c.obj                    52      0         0      
       i_tofd_t2.asm.obj              46      0         0      
       unlink.c.obj                   44      0         0      
       lseek.c.obj                    40      0         0      
       write.c.obj                    40      0         0      
       memchr.c.obj                   32      0         0      
       copy_zero_init.c.obj           28      0         0      
       memccpy.c.obj                  28      0         0      
       s_copysign.c.obj               26      0         0      
       strcmp.c.obj                   24      0         0      
       strchr.c.obj                   22      0         0      
       strcpy.c.obj                   20      0         0      
       strlen.c.obj                   20      0         0      
       wcslen.c.obj                   18      0         0      
       copy_decompress_none.c.obj     14      0         0      
       errno.c.obj                    8       0         4      
       _lock.c.obj                    2       0         8      
       pre_init.c.obj                 4       0         0      
       div0.asm.obj                   2       0         0      
    +--+------------------------------+-------+---------+---------+
       Total:                         10721   257       944    
                                                               
       Heap:                          0       0         1024   
       Stack:                         0       0         1024   
       Linker Generated:              0       141       0      
    +--+------------------------------+-------+---------+---------+
       Grand Total:                   11233   1018      2992   


LINKER GENERATED COPY TABLES

__TI_cinit_table @ 00002fe0 records: 2, size/record: 8, table size: 16
	.data: load addr=00002f60, load size=00000069 bytes, run addr=20000800, run size=000001e8 bytes, compression=lzss
	.bss: load addr=00002fd8, load size=00000008 bytes, run addr=200009e8, run size=000001c8 bytes, compression=zero_init


LINKER GENERATED HANDLER TABLE

__TI_handler_table @ 00002fcc records: 3, size/record: 4, table size: 12
	index: 0, handler: __TI_decompress_lzss
	index: 1, handler: __TI_decompress_none
	index: 2, handler: __TI_zero_init


GLOBAL SYMBOLS: SORTED ALPHABETICALLY BY Name 

address   name                           
-------   ----                           
00002e59  C$$EXIT                        
00002b4b  C$$IO$$                        
000029cd  HOSTclose                      
000023d9  HOSTlseek                      
0000263d  HOSTopen                       
000026f9  HOSTread                       
0000236d  HOSTrename                     
00002a11  HOSTunlink                     
00002751  HOSTwrite                      
00000f93  I2C_Detect                     
00001021  I2C_Send2                      
00000f2d  I2c_Setup                      
00002e31  ResetISR                       
200009e8  __CIOBUF_                      
20000400  __STACK_END                    
00000400  __STACK_SIZE                   
20000200  __STACK_TOP                    
00000400  __SYSMEM_SIZE                  
00002fe0  __TI_CINIT_Base                
00002ff0  __TI_CINIT_Limit               
00002fcc  __TI_Handler_Table_Base        
00002fd8  __TI_Handler_Table_Limit       
00002a55  __TI_auto_init_nobinit_nopinit 
00002b8d  __TI_cleanup                   
200009c8  __TI_cleanup_ptr               
00002219  __TI_closefile                 
00002441  __TI_decompress_lzss           
00002e23  __TI_decompress_none           
000028a5  __TI_doflush                   
200009cc  __TI_dtors_ptr                 
200009d0  __TI_enable_exit_profile_output
200009b8  __TI_ft_end                    
000027ff  __TI_ltoa                      
ffffffff  __TI_pprof_out_hndl            
0000026d  __TI_printfi                   
ffffffff  __TI_prof_data_size            
ffffffff  __TI_prof_data_start           
00002bc1  __TI_readmsg                   
00000000  __TI_static_base__             
20000b08  __TI_tmpnams                   
00002b1d  __TI_writemsg                  
000025d9  __TI_wrt_ok                    
00002d4d  __TI_zero_init_nomemset        
00002091  __aeabi_cdcmpeq                
00002091  __aeabi_cdcmple                
00002117  __aeabi_cdrcmple               
00002985  __aeabi_d2iz                   
000012fb  __aeabi_dadd                   
000015e5  __aeabi_ddiv                   
00001b65  __aeabi_dmul                   
000012f1  __aeabi_dsub                   
00002e3d  __aeabi_errno_addr             
00002c59  __aeabi_i2d                    
000014a7  __aeabi_idiv0                  
000014a7  __aeabi_ldiv0                  
0000219d  __aeabi_memclr                 
0000219d  __aeabi_memclr4                
0000219d  __aeabi_memclr8                
00001ed3  __aeabi_memcpy                 
00001ed3  __aeabi_memcpy4                
00001ed3  __aeabi_memcpy8                
0000219f  __aeabi_memset                 
0000219f  __aeabi_memset4                
0000219f  __aeabi_memset8                
200009c4  __aeabi_stderr                 
200009bc  __aeabi_stdin                  
200009c0  __aeabi_stdout                 
00001f6f  __aeabi_uldivmod               
ffffffff  __binit__                      
ffffffff  __c_args__                     
UNDEFED   __mpu_init                     
20000000  __stack                        
20000000  __start___llvm_prf_cnts        
20000000  __stop___llvm_prf_cnts         
00002bf5  _c_int00_noargs                
00002e5c  _ctypes_                       
200008f0  _device                        
20000800  _ftable                        
200009d4  _lock                          
00000cbb  _nop                           
20000968  _stream                        
20000400  _sys_memory                    
UNDEFED   _system_post_cinit             
00002e55  _system_pre_init               
200009d8  _unlock                        
00002e59  abort                          
00001a65  aligned_alloc                  
000028f1  atoi                           
ffffffff  binit                          
0000269d  close                          
00002da1  copysign                       
00002da1  copysignl                      
200009e4  errno                          
0000293d  exit                           
00002c29  finddevice                     
00002005  fputc                          
00001841  fputs                          
00001c61  free                           
00002511  frexp                          
00002511  frexpl                         
00002575  fseek                          
00000000  g_pfnVectors                   
00002a99  getdevice                      
00001955  ldexp                          
00001955  ldexpl                         
00002cdd  lseek                          
0000109f  main                           
00002e45  malloc                         
00001a65  memalign                       
00002d85  memccpy                        
00002d2d  memchr                         
00001ed3  memcpy                         
000021a5  memset                         
20000ba8  parmbuf                        
000024a9  printf                         
00002005  putc                           
00002c89  remove                         
00001955  scalbn                         
00001955  scalbnl                        
00001d45  setvbuf                        
00002dd3  strchr                         
00002dbb  strcmp                         
00002de9  strcpy                         
00002dfd  strlen                         
00002b55  strncpy                        
00002c89  unlink                         
00002e11  wcslen                         
00002d05  write                          


GLOBAL SYMBOLS: SORTED BY Symbol Address 

address   name                           
-------   ----                           
00000000  __TI_static_base__             
00000000  g_pfnVectors                   
0000026d  __TI_printfi                   
00000400  __STACK_SIZE                   
00000400  __SYSMEM_SIZE                  
00000cbb  _nop                           
00000f2d  I2c_Setup                      
00000f93  I2C_Detect                     
00001021  I2C_Send2                      
0000109f  main                           
000012f1  __aeabi_dsub                   
000012fb  __aeabi_dadd                   
000014a7  __aeabi_idiv0                  
000014a7  __aeabi_ldiv0                  
000015e5  __aeabi_ddiv                   
00001841  fputs                          
00001955  ldexp                          
00001955  ldexpl                         
00001955  scalbn                         
00001955  scalbnl                        
00001a65  aligned_alloc                  
00001a65  memalign                       
00001b65  __aeabi_dmul                   
00001c61  free                           
00001d45  setvbuf                        
00001ed3  __aeabi_memcpy                 
00001ed3  __aeabi_memcpy4                
00001ed3  __aeabi_memcpy8                
00001ed3  memcpy                         
00001f6f  __aeabi_uldivmod               
00002005  fputc                          
00002005  putc                           
00002091  __aeabi_cdcmpeq                
00002091  __aeabi_cdcmple                
00002117  __aeabi_cdrcmple               
0000219d  __aeabi_memclr                 
0000219d  __aeabi_memclr4                
0000219d  __aeabi_memclr8                
0000219f  __aeabi_memset                 
0000219f  __aeabi_memset4                
0000219f  __aeabi_memset8                
000021a5  memset                         
00002219  __TI_closefile                 
0000236d  HOSTrename                     
000023d9  HOSTlseek                      
00002441  __TI_decompress_lzss           
000024a9  printf                         
00002511  frexp                          
00002511  frexpl                         
00002575  fseek                          
000025d9  __TI_wrt_ok                    
0000263d  HOSTopen                       
0000269d  close                          
000026f9  HOSTread                       
00002751  HOSTwrite                      
000027ff  __TI_ltoa                      
000028a5  __TI_doflush                   
000028f1  atoi                           
0000293d  exit                           
00002985  __aeabi_d2iz                   
000029cd  HOSTclose                      
00002a11  HOSTunlink                     
00002a55  __TI_auto_init_nobinit_nopinit 
00002a99  getdevice                      
00002b1d  __TI_writemsg                  
00002b4b  C$$IO$$                        
00002b55  strncpy                        
00002b8d  __TI_cleanup                   
00002bc1  __TI_readmsg                   
00002bf5  _c_int00_noargs                
00002c29  finddevice                     
00002c59  __aeabi_i2d                    
00002c89  remove                         
00002c89  unlink                         
00002cdd  lseek                          
00002d05  write                          
00002d2d  memchr                         
00002d4d  __TI_zero_init_nomemset        
00002d85  memccpy                        
00002da1  copysign                       
00002da1  copysignl                      
00002dbb  strcmp                         
00002dd3  strchr                         
00002de9  strcpy                         
00002dfd  strlen                         
00002e11  wcslen                         
00002e23  __TI_decompress_none           
00002e31  ResetISR                       
00002e3d  __aeabi_errno_addr             
00002e45  malloc                         
00002e55  _system_pre_init               
00002e59  C$$EXIT                        
00002e59  abort                          
00002e5c  _ctypes_                       
00002fcc  __TI_Handler_Table_Base        
00002fd8  __TI_Handler_Table_Limit       
00002fe0  __TI_CINIT_Base                
00002ff0  __TI_CINIT_Limit               
20000000  __stack                        
20000000  __start___llvm_prf_cnts        
20000000  __stop___llvm_prf_cnts         
20000200  __STACK_TOP                    
20000400  __STACK_END                    
20000400  _sys_memory                    
20000800  _ftable                        
200008f0  _device                        
20000968  _stream                        
200009b8  __TI_ft_end                    
200009bc  __aeabi_stdin                  
200009c0  __aeabi_stdout                 
200009c4  __aeabi_stderr                 
200009c8  __TI_cleanup_ptr               
200009cc  __TI_dtors_ptr                 
200009d0  __TI_enable_exit_profile_output
200009d4  _lock                          
200009d8  _unlock                        
200009e4  errno                          
200009e8  __CIOBUF_                      
20000b08  __TI_tmpnams                   
20000ba8  parmbuf                        
ffffffff  __TI_pprof_out_hndl            
ffffffff  __TI_prof_data_size            
ffffffff  __TI_prof_data_start           
ffffffff  __binit__                      
ffffffff  __c_args__                     
ffffffff  binit                          
UNDEFED   __mpu_init                     
UNDEFED   _system_post_cinit             

[128 symbols]
