******************************************************************************
                  TI ARM Linker PC v20.2.5                     
******************************************************************************
>> Linked Fri Jul  8 15:49:25 2022

OUTPUT FILE NAME:   <Temp_Sensor.out>
ENTRY POINT SYMBOL: "_c_int00_noargs"  address: 00002c99


MEMORY CONFIGURATION

         name            origin    length      used     unused   attr    fill
----------------------  --------  ---------  --------  --------  ----  --------
  FLASH                 00000000   00040000  00003091  0003cf6f  R  X
  SRAM                  20000000   00008000  00000bb0  00007450  RW X


SEGMENT ALLOCATION MAP

run origin  load origin   length   init length attrs members
----------  ----------- ---------- ----------- ----- -------
00000000    00000000    00003098   00003098    r-x
  00000000    00000000    0000026c   0000026c    r-- .intvecs
  0000026c    0000026c    00002c94   00002c94    r-x .text
  00002f00    00002f00    00000101   00000101    r-- .const
  00003008    00003008    00000090   00000090    r-- .cinit
20000000    20000000    00000bb0   00000000    rw-
  20000000    20000000    00000400   00000000    rw- .stack
  20000400    20000400    00000400   00000000    rw- .sysmem
  20000800    20000800    000001e8   00000000    rw- .data
  200009e8    200009e8    000001c8   00000000    rw- .bss


SECTION ALLOCATION MAP

 output                                  attributes/
section   page    origin      length       input sections
--------  ----  ----------  ----------   ----------------
.intvecs   0    00000000    0000026c     
                  00000000    0000026c     tm4c123gh6pm_startup_ccs.obj (.intvecs)

.text      0    0000026c    00002c94     
                  0000026c    00000a4e     rtsv7M4_T_le_v4SPD16_eabi.lib : _printfi.c.obj (.text:__TI_printfi)
                  00000cba    00000002                                   : _lock.c.obj (.text:_nop)
                  00000cbc    00000298     main.obj (.text)
                  00000f54    00000270     rtsv7M4_T_le_v4SPD16_eabi.lib : _printfi.c.obj (.text:_pconv_a)
                  000011c4    000001d0                                   : _printfi.c.obj (.text:_pconv_g)
                  00001394    000001b6                                   : fd_add_t2.asm.obj (.text)
                  0000154a    00000002                                   : div0.asm.obj (.text)
                  0000154c    0000013c                                   : _printfi.c.obj (.text:_pconv_e)
                  00001688    00000136                                   : fd_div_t2.asm.obj (.text)
                  000017be    00000002     --HOLE-- [fill = 0]
                  000017c0    00000124                                   : _printfi.c.obj (.text:fcvt)
                  000018e4    00000114                                   : fputs.c.obj (.text:fputs)
                  000019f8    00000110                                   : s_scalbn.c.obj (.text:scalbn)
                  00001b08    00000100                                   : memory.c.obj (.text:aligned_alloc)
                  00001c08    000000fc                                   : fd_mul_t2.asm.obj (.text)
                  00001d04    000000e4                                   : memory.c.obj (.text:free)
                  00001de8    000000dc                                   : setvbuf.c.obj (.text:setvbuf)
                  00001ec4    000000b1                                   : _printfi.c.obj (.text:_ltostr)
                  00001f75    00000001     --HOLE-- [fill = 0]
                  00001f76    0000009c                                   : memcpy_t2.asm.obj (.text)
                  00002012    00000096                                   : ull_div_t2.asm.obj (.text)
                  000020a8    0000008c                                   : fputc.c.obj (.text:fputc)
                  00002134    00000086                                   : fd_cmp_t2.asm.obj (.text:__aeabi_cdcmple)
                  000021ba    00000086                                   : fd_cmp_t2.asm.obj (.text:__aeabi_cdrcmple)
                  00002240    0000007a                                   : memset_t2.asm.obj (.text)
                  000022ba    00000002     --HOLE-- [fill = 0]
                  000022bc    00000074                                   : fclose.c.obj (.text:__TI_closefile)
                  00002330    00000070                                   : memory.c.obj (.text:split)
                  000023a0    0000006e                                   : _printfi.c.obj (.text:_mcpy)
                  0000240e    00000002     --HOLE-- [fill = 0]
                  00002410    0000006c                                   : hostrename.c.obj (.text:HOSTrename)
                  0000247c    00000068                                   : hostlseek.c.obj (.text:HOSTlseek)
                  000024e4    00000068                                   : copy_decompress_lzss.c.obj (.text:decompress:lzss:__TI_decompress_lzss)
                  0000254c    00000068                                   : printf.c.obj (.text:printf)
                  000025b4    00000064                                   : s_frexp.c.obj (.text:frexp)
                  00002618    00000064                                   : fseek.c.obj (.text:fseek)
                  0000267c    00000062                                   : _io_perm.c.obj (.text:__TI_wrt_ok)
                  000026de    00000002     --HOLE-- [fill = 0]
                  000026e0    00000060                                   : hostopen.c.obj (.text:HOSTopen)
                  00002740    0000005c                                   : close.c.obj (.text:close)
                  0000279c    00000058                                   : hostread.c.obj (.text:HOSTread)
                  000027f4    00000058                                   : hostwrite.c.obj (.text:HOSTwrite)
                  0000284c    00000056                                   : _printfi.c.obj (.text:_pconv_f)
                  000028a2    00000054                                   : _ltoa.c.obj (.text:__TI_ltoa)
                  000028f6    00000052                                   : _printfi.c.obj (.text:_ecpy)
                  00002948    0000004c                                   : fflush.c.obj (.text:__TI_doflush)
                  00002994    0000004c                                   : atoi.c.obj (.text:atoi)
                  000029e0    00000048                                   : exit.c.obj (.text:exit)
                  00002a28    00000048                                   : fd_toi_t2.asm.obj (.text)
                  00002a70    00000044                                   : hostclose.c.obj (.text:HOSTclose)
                  00002ab4    00000044                                   : hostunlink.c.obj (.text:HOSTunlink)
                  00002af8    00000044                                   : autoinit.c.obj (.text:__TI_auto_init_nobinit_nopinit:__TI_auto_init_nobinit_nopinit)
                  00002b3c    00000044                                   : getdevice.c.obj (.text:getdevice)
                  00002b80    0000003e                                   : _printfi.c.obj (.text:_fcpy)
                  00002bbe    00000002     --HOLE-- [fill = 0]
                  00002bc0    00000038                                   : trgmsg.c.obj (.text:__TI_writemsg)
                  00002bf8    00000036                                   : strncpy.c.obj (.text:strncpy)
                  00002c2e    00000002     --HOLE-- [fill = 0]
                  00002c30    00000034                                   : fopen.c.obj (.text:__TI_cleanup)
                  00002c64    00000034                                   : trgmsg.c.obj (.text:__TI_readmsg)
                  00002c98    00000034                                   : boot_cortex_m.c.obj (.text:_c_int00_noargs:_c_int00_noargs)
                  00002ccc    00000030                                   : getdevice.c.obj (.text:finddevice)
                  00002cfc    0000002e                                   : i_tofd_t2.asm.obj (.text)
                  00002d2a    00000002     --HOLE-- [fill = 0]
                  00002d2c    0000002c                                   : unlink.c.obj (.text:unlink)
                  00002d58    00000028                                   : memory.c.obj (.text:free_list_insert)
                  00002d80    00000028                                   : lseek.c.obj (.text:lseek)
                  00002da8    00000028                                   : write.c.obj (.text:write)
                  00002dd0    00000020                                   : memchr.c.obj (.text:memchr)
                  00002df0    0000001c                                   : copy_zero_init.c.obj (.text:decompress:ZI:__TI_zero_init_nomemset:__TI_zero_init_nomemset)
                  00002e0c    0000001c                                   : memory.c.obj (.text:free_list_remove)
                  00002e28    0000001c                                   : memccpy.c.obj (.text:memccpy)
                  00002e44    0000001a                                   : s_copysign.c.obj (.text:copysign)
                  00002e5e    00000018                                   : strcmp.c.obj (.text:strcmp)
                  00002e76    00000016                                   : strchr.c.obj (.text:strchr)
                  00002e8c    00000014                                   : strcpy.c.obj (.text:strcpy)
                  00002ea0    00000014                                   : strlen.c.obj (.text:strlen)
                  00002eb4    00000012                                   : wcslen.c.obj (.text:wcslen)
                  00002ec6    0000000e                                   : copy_decompress_none.c.obj (.text:decompress:none:__TI_decompress_none)
                  00002ed4    0000000c     tm4c123gh6pm_startup_ccs.obj (.text)
                  00002ee0    00000008     rtsv7M4_T_le_v4SPD16_eabi.lib : errno.c.obj (.text:__aeabi_errno_addr)
                  00002ee8    00000008                                   : memory.c.obj (.text:malloc)
                  00002ef0    00000004                                   : printf.c.obj (.text:_outc)
                  00002ef4    00000004                                   : printf.c.obj (.text:_outs)
                  00002ef8    00000004                                   : pre_init.c.obj (.text:_system_pre_init)
                  00002efc    00000004                                   : exit.c.obj (.text:abort:abort)

.const     0    00002f00    00000101     
                  00002f00    00000101     rtsv7M4_T_le_v4SPD16_eabi.lib : ctype.c.obj (.const:.string:_ctypes_)

.cinit     0    00003008    00000090     
                  00003008    00000065     (.cinit..data.load) [load image, compression = lzss]
                  0000306d    00000003     --HOLE-- [fill = 0]
                  00003070    0000000c     (__TI_handler_table)
                  0000307c    00000004     --HOLE-- [fill = 0]
                  00003080    00000008     (.cinit..bss.load) [load image, compression = zero_init]
                  00003088    00000010     (__TI_cinit_table)

.init_array 
*          0    00000000    00000000     UNINITIALIZED

.stack     0    20000000    00000400     UNINITIALIZED
                  20000000    00000004     rtsv7M4_T_le_v4SPD16_eabi.lib : boot_cortex_m.c.obj (.stack)
                  20000004    000003fc     --HOLE--

.sysmem    0    20000400    00000400     UNINITIALIZED
                  20000400    00000010     rtsv7M4_T_le_v4SPD16_eabi.lib : memory.c.obj (.sysmem)
                  20000410    000003f0     --HOLE--

.data      0    20000800    000001e8     UNINITIALIZED
                  20000800    000000f0     rtsv7M4_T_le_v4SPD16_eabi.lib : defs.c.obj (.data:_ftable)
                  200008f0    00000078                                   : host_device.c.obj (.data:_device)
                  20000968    00000050                                   : host_device.c.obj (.data:_stream)
                  200009b8    00000010                                   : defs.c.obj (.data)
                  200009c8    0000000c                                   : exit.c.obj (.data:$O1$$)
                  200009d4    00000008                                   : _lock.c.obj (.data:$O1$$)
                  200009dc    00000008                                   : memory.c.obj (.data:$O1$$)
                  200009e4    00000004                                   : errno.c.obj (.data)

.bss       0    200009e8    000001c8     UNINITIALIZED
                  200009e8    00000120     rtsv7M4_T_le_v4SPD16_eabi.lib : trgmsg.c.obj (.bss:_CIOBUF_)
                  20000b08    000000a0     (.common:__TI_tmpnams)
                  20000ba8    00000008     (.common:parmbuf)

__llvm_prf_cnts 
*          0    20000000    00000000     UNINITIALIZED

MODULE SUMMARY

       Module                         code    ro data   rw data
       ------                         ----    -------   -------
    .\
       main.obj                       664     0         0      
       tm4c123gh6pm_startup_ccs.obj   12      620       0      
    +--+------------------------------+-------+---------+---------+
       Total:                         676     620       0      
                                                               
    C:\ti\ccs1120\ccs\tools\compiler\ti-cgt-arm_20.2.5.LTS\lib\rtsv7M4_T_le_v4SPD16_eabi.lib
       _printfi.c.obj                 4851    0         0      
       memory.c.obj                   672     0         8      
       fd_add_t2.asm.obj              438     0         0      
       defs.c.obj                     0       0         416    
       trgmsg.c.obj                   108     0         288    
       fd_div_t2.asm.obj              310     0         0      
       fputs.c.obj                    276     0         0      
       s_scalbn.c.obj                 272     0         0      
       fd_cmp_t2.asm.obj              268     0         0      
       ctype.c.obj                    0       257       0      
       fd_mul_t2.asm.obj              252     0         0      
       setvbuf.c.obj                  220     0         0      
       host_device.c.obj              0       0         200    
       memcpy_t2.asm.obj              156     0         0      
       ull_div_t2.asm.obj             150     0         0      
       fputc.c.obj                    140     0         0      
       memset_t2.asm.obj              122     0         0      
       fclose.c.obj                   116     0         0      
       getdevice.c.obj                116     0         0      
       printf.c.obj                   112     0         0      
       hostrename.c.obj               108     0         0      
       copy_decompress_lzss.c.obj     104     0         0      
       hostlseek.c.obj                104     0         0      
       hostopen.c.obj                 96      0         8      
       fseek.c.obj                    100     0         0      
       s_frexp.c.obj                  100     0         0      
       _io_perm.c.obj                 98      0         0      
       close.c.obj                    92      0         0      
       exit.c.obj                     76      0         12     
       hostread.c.obj                 88      0         0      
       hostwrite.c.obj                88      0         0      
       _ltoa.c.obj                    84      0         0      
       atoi.c.obj                     76      0         0      
       fflush.c.obj                   76      0         0      
       fd_toi_t2.asm.obj              72      0         0      
       autoinit.c.obj                 68      0         0      
       hostclose.c.obj                68      0         0      
       hostunlink.c.obj               68      0         0      
       strncpy.c.obj                  54      0         0      
       boot_cortex_m.c.obj            52      0         0      
       fopen.c.obj                    52      0         0      
       i_tofd_t2.asm.obj              46      0         0      
       unlink.c.obj                   44      0         0      
       lseek.c.obj                    40      0         0      
       write.c.obj                    40      0         0      
       memchr.c.obj                   32      0         0      
       copy_zero_init.c.obj           28      0         0      
       memccpy.c.obj                  28      0         0      
       s_copysign.c.obj               26      0         0      
       strcmp.c.obj                   24      0         0      
       strchr.c.obj                   22      0         0      
       strcpy.c.obj                   20      0         0      
       strlen.c.obj                   20      0         0      
       wcslen.c.obj                   18      0         0      
       copy_decompress_none.c.obj     14      0         0      
       errno.c.obj                    8       0         4      
       _lock.c.obj                    2       0         8      
       pre_init.c.obj                 4       0         0      
       div0.asm.obj                   2       0         0      
    +--+------------------------------+-------+---------+---------+
       Total:                         10721   257       944    
                                                               
       Heap:                          0       0         1024   
       Stack:                         0       0         1024   
       Linker Generated:              0       137       0      
    +--+------------------------------+-------+---------+---------+
       Grand Total:                   11397   1014      2992   


LINKER GENERATED COPY TABLES

__TI_cinit_table @ 00003088 records: 2, size/record: 8, table size: 16
	.data: load addr=00003008, load size=00000065 bytes, run addr=20000800, run size=000001e8 bytes, compression=lzss
	.bss: load addr=00003080, load size=00000008 bytes, run addr=200009e8, run size=000001c8 bytes, compression=zero_init


LINKER GENERATED HANDLER TABLE

__TI_handler_table @ 00003070 records: 3, size/record: 4, table size: 12
	index: 0, handler: __TI_decompress_lzss
	index: 1, handler: __TI_decompress_none
	index: 2, handler: __TI_zero_init


GLOBAL SYMBOLS: SORTED ALPHABETICALLY BY Name 

address   name                           
-------   ----                           
00002efd  C$$EXIT                        
00002bef  C$$IO$$                        
00002a71  HOSTclose                      
0000247d  HOSTlseek                      
000026e1  HOSTopen                       
0000279d  HOSTread                       
00002411  HOSTrename                     
00002ab5  HOSTunlink                     
000027f5  HOSTwrite                      
00000d19  I2C_Detect                     
00000e41  I2C_Send2                      
00000da7  I2C_SendandRecieve             
00000cbd  I2c_Setup                      
00002ed5  ResetISR                       
200009e8  __CIOBUF_                      
20000400  __STACK_END                    
00000400  __STACK_SIZE                   
20000200  __STACK_TOP                    
00000400  __SYSMEM_SIZE                  
00003088  __TI_CINIT_Base                
00003098  __TI_CINIT_Limit               
00003070  __TI_Handler_Table_Base        
0000307c  __TI_Handler_Table_Limit       
00002af9  __TI_auto_init_nobinit_nopinit 
00002c31  __TI_cleanup                   
200009c8  __TI_cleanup_ptr               
000022bd  __TI_closefile                 
000024e5  __TI_decompress_lzss           
00002ec7  __TI_decompress_none           
00002949  __TI_doflush                   
200009cc  __TI_dtors_ptr                 
200009d0  __TI_enable_exit_profile_output
200009b8  __TI_ft_end                    
000028a3  __TI_ltoa                      
ffffffff  __TI_pprof_out_hndl            
0000026d  __TI_printfi                   
ffffffff  __TI_prof_data_size            
ffffffff  __TI_prof_data_start           
00002c65  __TI_readmsg                   
00000000  __TI_static_base__             
20000b08  __TI_tmpnams                   
00002bc1  __TI_writemsg                  
0000267d  __TI_wrt_ok                    
00002df1  __TI_zero_init_nomemset        
00002135  __aeabi_cdcmpeq                
00002135  __aeabi_cdcmple                
000021bb  __aeabi_cdrcmple               
00002a29  __aeabi_d2iz                   
0000139f  __aeabi_dadd                   
00001689  __aeabi_ddiv                   
00001c09  __aeabi_dmul                   
00001395  __aeabi_dsub                   
00002ee1  __aeabi_errno_addr             
00002cfd  __aeabi_i2d                    
0000154b  __aeabi_idiv0                  
0000154b  __aeabi_ldiv0                  
00002241  __aeabi_memclr                 
00002241  __aeabi_memclr4                
00002241  __aeabi_memclr8                
00001f77  __aeabi_memcpy                 
00001f77  __aeabi_memcpy4                
00001f77  __aeabi_memcpy8                
00002243  __aeabi_memset                 
00002243  __aeabi_memset4                
00002243  __aeabi_memset8                
200009c4  __aeabi_stderr                 
200009bc  __aeabi_stdin                  
200009c0  __aeabi_stdout                 
00002013  __aeabi_uldivmod               
ffffffff  __binit__                      
ffffffff  __c_args__                     
UNDEFED   __mpu_init                     
20000000  __stack                        
20000000  __start___llvm_prf_cnts        
20000000  __stop___llvm_prf_cnts         
00002c99  _c_int00_noargs                
00002f00  _ctypes_                       
200008f0  _device                        
20000800  _ftable                        
200009d4  _lock                          
00000cbb  _nop                           
20000968  _stream                        
20000400  _sys_memory                    
UNDEFED   _system_post_cinit             
00002ef9  _system_pre_init               
200009d8  _unlock                        
00002efd  abort                          
00001b09  aligned_alloc                  
00002995  atoi                           
ffffffff  binit                          
00002741  close                          
00002e45  copysign                       
00002e45  copysignl                      
200009e4  errno                          
000029e1  exit                           
00002ccd  finddevice                     
000020a9  fputc                          
000018e5  fputs                          
00001d05  free                           
000025b5  frexp                          
000025b5  frexpl                         
00002619  fseek                          
00000000  g_pfnVectors                   
00002b3d  getdevice                      
000019f9  ldexp                          
000019f9  ldexpl                         
00002d81  lseek                          
00000ebf  main                           
00002ee9  malloc                         
00001b09  memalign                       
00002e29  memccpy                        
00002dd1  memchr                         
00001f77  memcpy                         
00002249  memset                         
20000ba8  parmbuf                        
0000254d  printf                         
000020a9  putc                           
00002d2d  remove                         
000019f9  scalbn                         
000019f9  scalbnl                        
00001de9  setvbuf                        
00002e77  strchr                         
00002e5f  strcmp                         
00002e8d  strcpy                         
00002ea1  strlen                         
00002bf9  strncpy                        
00002d2d  unlink                         
00002eb5  wcslen                         
00002da9  write                          


GLOBAL SYMBOLS: SORTED BY Symbol Address 

address   name                           
-------   ----                           
00000000  __TI_static_base__             
00000000  g_pfnVectors                   
0000026d  __TI_printfi                   
00000400  __STACK_SIZE                   
00000400  __SYSMEM_SIZE                  
00000cbb  _nop                           
00000cbd  I2c_Setup                      
00000d19  I2C_Detect                     
00000da7  I2C_SendandRecieve             
00000e41  I2C_Send2                      
00000ebf  main                           
00001395  __aeabi_dsub                   
0000139f  __aeabi_dadd                   
0000154b  __aeabi_idiv0                  
0000154b  __aeabi_ldiv0                  
00001689  __aeabi_ddiv                   
000018e5  fputs                          
000019f9  ldexp                          
000019f9  ldexpl                         
000019f9  scalbn                         
000019f9  scalbnl                        
00001b09  aligned_alloc                  
00001b09  memalign                       
00001c09  __aeabi_dmul                   
00001d05  free                           
00001de9  setvbuf                        
00001f77  __aeabi_memcpy                 
00001f77  __aeabi_memcpy4                
00001f77  __aeabi_memcpy8                
00001f77  memcpy                         
00002013  __aeabi_uldivmod               
000020a9  fputc                          
000020a9  putc                           
00002135  __aeabi_cdcmpeq                
00002135  __aeabi_cdcmple                
000021bb  __aeabi_cdrcmple               
00002241  __aeabi_memclr                 
00002241  __aeabi_memclr4                
00002241  __aeabi_memclr8                
00002243  __aeabi_memset                 
00002243  __aeabi_memset4                
00002243  __aeabi_memset8                
00002249  memset                         
000022bd  __TI_closefile                 
00002411  HOSTrename                     
0000247d  HOSTlseek                      
000024e5  __TI_decompress_lzss           
0000254d  printf                         
000025b5  frexp                          
000025b5  frexpl                         
00002619  fseek                          
0000267d  __TI_wrt_ok                    
000026e1  HOSTopen                       
00002741  close                          
0000279d  HOSTread                       
000027f5  HOSTwrite                      
000028a3  __TI_ltoa                      
00002949  __TI_doflush                   
00002995  atoi                           
000029e1  exit                           
00002a29  __aeabi_d2iz                   
00002a71  HOSTclose                      
00002ab5  HOSTunlink                     
00002af9  __TI_auto_init_nobinit_nopinit 
00002b3d  getdevice                      
00002bc1  __TI_writemsg                  
00002bef  C$$IO$$                        
00002bf9  strncpy                        
00002c31  __TI_cleanup                   
00002c65  __TI_readmsg                   
00002c99  _c_int00_noargs                
00002ccd  finddevice                     
00002cfd  __aeabi_i2d                    
00002d2d  remove                         
00002d2d  unlink                         
00002d81  lseek                          
00002da9  write                          
00002dd1  memchr                         
00002df1  __TI_zero_init_nomemset        
00002e29  memccpy                        
00002e45  copysign                       
00002e45  copysignl                      
00002e5f  strcmp                         
00002e77  strchr                         
00002e8d  strcpy                         
00002ea1  strlen                         
00002eb5  wcslen                         
00002ec7  __TI_decompress_none           
00002ed5  ResetISR                       
00002ee1  __aeabi_errno_addr             
00002ee9  malloc                         
00002ef9  _system_pre_init               
00002efd  C$$EXIT                        
00002efd  abort                          
00002f00  _ctypes_                       
00003070  __TI_Handler_Table_Base        
0000307c  __TI_Handler_Table_Limit       
00003088  __TI_CINIT_Base                
00003098  __TI_CINIT_Limit               
20000000  __stack                        
20000000  __start___llvm_prf_cnts        
20000000  __stop___llvm_prf_cnts         
20000200  __STACK_TOP                    
20000400  __STACK_END                    
20000400  _sys_memory                    
20000800  _ftable                        
200008f0  _device                        
20000968  _stream                        
200009b8  __TI_ft_end                    
200009bc  __aeabi_stdin                  
200009c0  __aeabi_stdout                 
200009c4  __aeabi_stderr                 
200009c8  __TI_cleanup_ptr               
200009cc  __TI_dtors_ptr                 
200009d0  __TI_enable_exit_profile_output
200009d4  _lock                          
200009d8  _unlock                        
200009e4  errno                          
200009e8  __CIOBUF_                      
20000b08  __TI_tmpnams                   
20000ba8  parmbuf                        
ffffffff  __TI_pprof_out_hndl            
ffffffff  __TI_prof_data_size            
ffffffff  __TI_prof_data_start           
ffffffff  __binit__                      
ffffffff  __c_args__                     
ffffffff  binit                          
UNDEFED   __mpu_init                     
UNDEFED   _system_post_cinit             

[129 symbols]
